Turbo Assembler	 Version 4.1	    02/20/19 19:40:32	    Page 1
ax2hex.asm



      1				     ;	 write al in videomemory in binary
      2
      3	0000			     .model tiny
      4	0000			     .code
      5
      6	      =004E		     color   = 4eh
      7				     org 100h
      8
      9	0100			     start:
     10	0100  B8 B800			     mov ax, 0b800h
     11	0103  8E C0			     mov es, ax
     12	0105  BF 0340			     mov di, 80*5*2 + 16*2
     13	0108  FD			     std	 ; di decreases
     14
     15	0109  B8 007C				     mov     ax, 7ch
     16	010C  B2 10			     mov dl, 16d  ; divide by 2d
     17	010E			     continue:
     18	010E  F6 F2				     div dl
     19	0110  8A F0			     mov     dh, al  ; remeber quotient
     20
     21	0112  80 FC 0A			     cmp ah, 10
     22	0115  7C 17			     jl	numeral
     23	0117  EB 1A 90			     jmp letter
     24
     25	011A			     write:
     26	011A  32 C4				     xor al, ah
     27	011C  32 E0				     xor ah, al
     28	011E  32 C4				     xor al, ah	     ; swop al,	ah
     29
     30	0120  B4 4E				     mov ah, color ;
     31
     32	0122  AB				     stosw		     ; mov es:[di], ax / di = di - 2
     33	0123  8A C6				     mov     al, dh	     ; write quotient
     34	0125  32 E4				     xor     ah, ah	     ; ah = 0
     35
     36	0127  3C 00				     cmp     al, 0
     37	0129  75 E3				     jne continue
     38	012B  EB 0B 90			     jmp done
     39
     40	012E			     numeral:
     41	012E  80 C4 30			     add ah, 48d
     42	0131  EB E7			     jmp write
     43	0133			     letter:
     44	0133  80 C4 37			     add ah, 'A' - 10d
     45	0136  EB E2			     jmp write
     46
     47	0138			     done:
     48	0138  B8 4C00				     mov     ax, 4c00h
     49	013B  CD 21				     int 21h
     50
     51				     end start
Turbo Assembler	 Version 4.1	    02/20/19 19:40:32	    Page 2
Symbol Table




Symbol Name			  Type	 Value

??DATE				  Text	 "02/20/19"
??FILENAME			  Text	 "ax2hex  "
??TIME				  Text	 "19:40:32"
??VERSION			  Number 040A
@32BIT				  Text	 0
@CODE				  Text	 DGROUP
@CODESIZE			  Text	 0
@CPU				  Text	 0101H
@CURSEG				  Text	 _TEXT
@DATA				  Text	 DGROUP
@DATASIZE			  Text	 0
@FILENAME			  Text	 AX2HEX
@INTERFACE			  Text	 000H
@MODEL				  Text	 1
@STACK				  Text	 DGROUP
@WORDSIZE			  Text	 2
COLOR				  Number 004E
CONTINUE			  Near	 DGROUP:010E
DONE				  Near	 DGROUP:0138
LETTER				  Near	 DGROUP:0133
NUMERAL				  Near	 DGROUP:012E
START				  Near	 DGROUP:0100
WRITE				  Near	 DGROUP:011A

Groups & Segments		  Bit Size Align  Combine Class

DGROUP				  Group
  _DATA				  16  0000 Word	  Public  DATA
  _TEXT				  16  013D Word	  Public  CODE
